venv\Scripts\python.ex
e : C:\Users\omv41\Des
ktop\AI-NutriCare\back
end\modules\rag_chatbo
t.py:3: 
FutureWarning: 
At line:1 char:1
+ venv\Scripts\python.
exe test_chatbot.py > 
test_output.txt 2>&1
+ ~~~~~~~~~~~~~~~~~~~~
~~~~~~~~~~~~~~~~~~~~~~
~~~~~~~~~~~~~~~~~~~~
    + CategoryInfo    
          : NotSpeci  
  fied: (C:\Users\o   
 mv41\...FutureWar    
ning: :String) []    
, RemoteException
    + FullyQualifiedE 
   rrorId : NativeCo  
  mmandError
 

All support for the 
`google.generativeai` 
package has ended. It 
will no longer be 
receiving 
updates or bug fixes. 
Please switch to the 
`google.genai` 
package as soon as 
possible.
See README for more 
details:

https://github.com/goo
gle-gemini/deprecated-
generative-ai-python/b
lob/main/README.md

  import 
google.generativeai 
as genai
--- Starting AI Clinical Assistant Logic Test ---

QUERY: What are the most critical abnormal findings in my report?
RESPONSE: Based on your report, the most critical abnormal findings are:

*   **Total Cholesterol:** 240 mg/dL (Expected: < 200 mg/dL), which is high.
*   **HDL Cholesterol:** 35 mg/dL (Expected: > 40 mg/dL), which is low.

QUERY: What superfoods should I eat for my cholesterol?
RESPONSE: Based on your report, the superfoods recommended for you are Walnuts, Oats, Fatty Fish, and Avocado.

--- Test Complete ---
